exports[`test click chanage the Switch 1`] = `
<div
  className="SwitchBox switchBoxActive "
  onClick={[Function]}>
  <span
    className="SwitchItem SwitchItemActive " />
</div>
`;
